<html>
<body>
<pre>
<h1>µVision Build Log</h1>
<h2>Tool Versions:</h2>
IDE-Version: ¦ÌVision V5.17.0.0
Copyright (C) 2015 ARM Ltd and ARM Germany GmbH. All rights reserved.
License Information: 1 1, 1, LIC=S5IBS-L6GUV-CZ1WV-PBB6L-7BGK4-ZHESQ
 
Tool Versions:
Toolchain:       MDK-ARM Professional  Version: 5.17
Toolchain Path:  C:\Keil_v5\ARM\ARMCC\Bin
C Compiler:      Armcc.exe V5.06 update 1 (build 61)
Assembler:       Armasm.exe V5.06 update 1 (build 61)
Linker/Locator:  ArmLink.exe V5.06 update 1 (build 61)
Library Manager: ArmAr.exe V5.06 update 1 (build 61)
Hex Converter:   FromElf.exe V5.06 update 1 (build 61)
CPU DLL:         SARMCM3.DLL V5.17
Dialog DLL:      DARMSTM.DLL V1.65.0.0
Target DLL:      Segger\JL2CM3.dll V2.99.16.0
Dialog DLL:      TARMSTM.DLL V1.64.0.0
 
<h2>Project:</h2>
F:\GIT\Embedded-Middleware\STemWin\demo\STM32F103\Project\FreeRTOS_STemWin.uvprojx
Project File Date:  05/30/2016

<h2>Output:</h2>
*** Using Compiler 'V5.06 update 1 (build 61)', folder: 'C:\Keil_v5\ARM\ARMCC\Bin'
Build target 'Target 1'
assembling startup_stm32f10x_hd.s...
compiling stm32f10x_gpio.c...
compiling misc.c...
compiling system_stm32f10x.c...
compiling stm32f10x_usart.c...
compiling stm32f10x_crc.c...
compiling stm32f10x_rcc.c...
compiling croutine.c...
compiling event_groups.c...
compiling list.c...
compiling queue.c...
compiling timers.c...
compiling tasks.c...
compiling stm32f10x_fsmc.c...
compiling heap_1.c...
compiling port.c...
compiling sys.c...
compiling delay.c...
compiling main.c...
compiling bsp_init.c...
compiling bsp_led.c...
compiling bsp_usart.c...
compiling bsp_key.c...
compiling bsp_myiic.c...
compiling bsp_24cxx.c...
compiling bsp_SRAM.c...
compiling bsp_lcd.c...
compiling GUI_X_FreeRTOS.c...
compiling bsp_lcd_tft.c...
compiling bsp_touch.c...
compiling GUIConf.c...
compiling LCDConf.c...
compiling MainTask.c...
compiling GUIDRV_Template.c...
linking...
Program Size: Code=84878 RO-data=39126 RW-data=1176 ZI-data=33280  
".\Objects\FreeRTOS_STemWin.axf" - 0 Error(s), 0 Warning(s).

<h2>Software Packages used:</h2>

Package Vendor: ARM
                http://www.keil.com/pack/ARM.CMSIS.4.5.0.pack
                ARM::CMSIS:CORE:4.3.0
                CMSIS (Cortex Microcontroller Software Interface Standard)
   * Component: CORE Version: 4.3.0

<h2>Collection of Component include folders:</h2>
  F:\GIT\Embedded-Middleware\STemWin\demo\STM32F103\Project\RTE
  C:\Keil_v5\ARM\PACK\ARM\CMSIS\4.5.0\CMSIS\Include
  C:\Keil_v5\ARM\PACK\Keil\STM32F1xx_DFP\2.0.0\Device\Include

<h2>Collection of Component Files used:</h2>

   * Component: ARM::CMSIS:CORE:4.3.0
Build Time Elapsed:  00:00:50
</pre>
</body>
</html>
